
======================================================================
  Session: 2026-03-16 18:26:11
  Account: veofidelia169@tunxelamorintesa.sbs
======================================================================

18:26:11 [DEBUG] [ENGINE] Sync veofidelia169@tunxelamorintesa.sbs: timeout (browser not ready yet)

======================================================================
  Session: 2026-03-16 18:26:55
  Account: veofidelia169@tunxelamorintesa.sbs
======================================================================

18:26:55 [DEBUG] [ENGINE] Sync veofidelia169@tunxelamorintesa.sbs: timeout (browser not ready yet)

======================================================================
  Session: 2026-03-16 18:57:22
  Account: veofidelia169@tunxelamorintesa.sbs
======================================================================

18:57:22 [DEBUG] [ENGINE] Sync veofidelia169@tunxelamorintesa.sbs: timeout (browser not ready yet)
18:57:37 [INFO ] [ENGINE] [AutoLaunch] 🔇 Starting hidden browser 1/2: veofidelia169@tunxelamorintesa.sbs...
18:57:52 [INFO ] [ENGINE] [AutoLaunch] ✅ veofidelia169@tunxelamorintesa.sbs browser visible (smart-hide disabled)
18:57:53 [INFO ] [ENGINE] [veofidelia169@tunxelamorintesa.sbs] ⏳ Debug browser starting, waiting...

======================================================================
  Session: 2026-03-16 18:59:02
  Account: veofidelia169@tunxelamorintesa.sbs
======================================================================

18:59:02 [DEBUG] [ENGINE] Sync veofidelia169@tunxelamorintesa.sbs: timeout (browser not ready yet)
18:59:17 [INFO ] [ENGINE] [AutoLaunch] 🔇 Starting hidden browser 1/2: veofidelia169@tunxelamorintesa.sbs...
18:59:32 [INFO ] [ENGINE] [AutoLaunch] ✅ veofidelia169@tunxelamorintesa.sbs browser visible (smart-hide disabled)
18:59:33 [INFO ] [ENGINE] [veofidelia169@tunxelamorintesa.sbs] ⏳ Debug browser starting, waiting...
